// Jest Snapshot v1, https://goo.gl/fbAQLP

exports[`should render ExpenseListItem with expense`] = `
<div>
  <p>
    No Expenses
  </p>
</div>
`;

